[revive.stylemixthemes.com/index.html]
[backblue.gif]
[fade.gif]
[index.html]
[revive.stylemixthemes.com/wp-content/uploads/2014/08/favicon.png]
[revive.stylemixthemes.com/wp-content/plugins/contact-form-7/includes/css/styles50fa.css]
[revive.stylemixthemes.com/wp-content/plugins/ds-live-composer/css/main.min6feb.css]
[revive.stylemixthemes.com/wp-content/plugins/ds-live-composer/css/font-awesome.min6feb.css]
[revive.stylemixthemes.com/feed/index.html]
[revive.stylemixthemes.com/wp-content/plugins/ds-live-composer/css/modules.min6feb.css]
[revive.stylemixthemes.com/sample-page/feed/index.html]
[revive.stylemixthemes.com/wp-content/plugins/ds-live-composer/css/plugins6feb.css]
[revive.stylemixthemes.com/wp-content/plugins/revslider/rs-plugin/css/settings2982.css]
[revive.stylemixthemes.com/wp-content/themes/revive/css/font-awesomefa0c.css]
[revive.stylemixthemes.com/wp-content/themes/revive/css/bootstrap324d.css]
[revive.stylemixthemes.com/wp-content/themes/revive/css/fancyboxd63f.css]
[revive.stylemixthemes.com/wp-content/themes/revive/style128b.css]
[revive.stylemixthemes.com/wp-content/themes/revive/css/fullcalendar128b.css]
[revive.stylemixthemes.com/wp-content/themes/revive/css/custom128b.css]
[revive.stylemixthemes.com/comments/feed/index.html]
[revive.stylemixthemes.com/wp-content/plugins/ds-live-composer/js/main.min6feb.js]
[revive.stylemixthemes.com/wp-content/themes/revive/js/jquery-1.11.0.min.js]
[revive.stylemixthemes.com/wp-content/plugins/ds-live-composer/js/plugins6feb.js]
[revive.stylemixthemes.com/wp-content/themes/revive/js/modernizr653d.js]
[revive.stylemixthemes.com/wp-content/plugins/revslider/rs-plugin/js/jquery.themepunch.revolution.min2982.js]
[revive.stylemixthemes.com/wp-content/themes/revive/js/holder254d.js]
[revive.stylemixthemes.com/wp-content/plugins/revslider/rs-plugin/js/jquery.themepunch.tools.min2982.js]
[revive.stylemixthemes.com/xmlrpc0db0.php]
[revive.stylemixthemes.com/wp-includes/wlwmanifest.xml]
[revive.stylemixthemes.com/wp-json/index.html]
[revive.stylemixthemes.com/wp-content/uploads/2014/05/logo.png]
[revive.stylemixthemes.com/nonexistingpageurl]
[revive.stylemixthemes.com/blog/events-4-columns/duis-fermentum-nisi-quis-national/index.html]
[revive.stylemixthemes.com/homes/index.html]
[revive.stylemixthemes.com/home-parallax/index.html]
[revive.stylemixthemes.com/wp-content/plugins/revslider/images/dummy.png]
[revive.stylemixthemes.com/home-short/index.html]
[revive.stylemixthemes.com/home-portfolio/index.html]
[revive.stylemixthemes.com/events-4-columns/index.html]
[revive.stylemixthemes.com/wp-content/uploads/2014/05/q2q2.png]
[revive.stylemixthemes.com/events/index.html]
[revive.stylemixthemes.com/events-with-sidebar/index.html]
[revive.stylemixthemes.com/wp-content/uploads/2014/06/slider-4.png]
[revive.stylemixthemes.com/wp-content/uploads/revslider/rev1/2qqq.jpg]
[revive.stylemixthemes.com/events-calendar/index.html]
[revive.stylemixthemes.com/wp-content/uploads/revslider/rev1/22.png]
[revive.stylemixthemes.com/sermons-2/index.html]
[revive.stylemixthemes.com/sermons/index.html]
[revive.stylemixthemes.com/sermons-full-width/index.html]
[revive.stylemixthemes.com/wp-content/uploads/revslider/rev1/4q.jpg]
[revive.stylemixthemes.com/wp-content/uploads/revslider/rev1/4qq.jpg]
[revive.stylemixthemes.com/blog/index.html]
[revive.stylemixthemes.com/blog-large-images/index.html]
[revive.stylemixthemes.com/blog-small-images/index.html]
[revive.stylemixthemes.com/wp-content/uploads/revslider/rev1/4qqq.jpg]
[revive.stylemixthemes.com/wp-content/uploads/revslider/rev1/4qqqq.jpg]
[revive.stylemixthemes.com/blog-with-sidebar/index.html]
[revive.stylemixthemes.com/wp-content/uploads/revslider/rev1/21.png]
[revive.stylemixthemes.com/galleries/index.html]
[revive.stylemixthemes.com/wp-content/uploads/revslider/rev1/2.png]
[revive.stylemixthemes.com/gallery-3-columns/index.html]
[revive.stylemixthemes.com/gallery-4-columns/index.html]
[revive.stylemixthemes.com/wp-content/uploads/revslider/rev1/3q.jpg]
[revive.stylemixthemes.com/gallery-masonry/index.html]
[revive.stylemixthemes.com/wp-content/uploads/revslider/rev1/3qq.jpg]
[revive.stylemixthemes.com/online-giving/index.html]
[revive.stylemixthemes.com/wp-content/uploads/revslider/rev1/3qqq.jpg]
[revive.stylemixthemes.com/donations1/index.html]
[revive.stylemixthemes.com/donations2/index.html]
[revive.stylemixthemes.com/other-pages/index.html]
[revive.stylemixthemes.com/wp-content/uploads/revslider/rev1/1q.jpg]
[revive.stylemixthemes.com/features/index.html]
[revive.stylemixthemes.com/wp-content/uploads/revslider/rev1/1qq.jpg]
[revive.stylemixthemes.com/wp-content/uploads/revslider/rev1/1qqq.jpg]
[revive.stylemixthemes.com/about-us/index.html]
[revive.stylemixthemes.com/wp-content/uploads/2014/05/copii-africa.jpg]
[revive.stylemixthemes.com/prayer-center/index.html]
[revive.stylemixthemes.com/wp-content/uploads/2014/02/GPL.txt]
[revive.stylemixthemes.com/wp-content/uploads/2014/05/pattern.png]
[revive.stylemixthemes.com/pricing-plan/index.html]
[revive.stylemixthemes.com/wp-content/uploads/2014/05/75677463-480x270.jpg]
[revive.stylemixthemes.com/typography/index.html]
[revive.stylemixthemes.com/shortcodes/index.html]
[revive.stylemixthemes.com/wp-content/uploads/2014/05/PHO-10Oct26-265423-480x270.jpg]
[revive.stylemixthemes.com/wp-content/uploads/2014/05/1100463-480x270.jpg]
[revive.stylemixthemes.com/contact-us/index.html]
[revive.stylemixthemes.com/blog/sermons-2/adiam-sit-amet-quam-mattis/index.html]
[revive.stylemixthemes.com/wp-content/uploads/2014/05/Maxim-150x150.jpg]
[revive.stylemixthemes.com/blog/staff-view/saint-prince/index.html]
[revive.stylemixthemes.com/wp-content/uploads/2014/05/Sasha-150x150.jpg]
[revive.stylemixthemes.com/blog/2014/05/07/quisque-sit-amet-viverra-lacu-4/index.html]
[revive.stylemixthemes.com/wp-content/uploads/2014/05/Oksana-150x150.jpg]
[revive.stylemixthemes.com/blog/category/famous-saints/index.html]
[revive.stylemixthemes.com/wp-content/uploads/2014/05/forest_edit1.mp4]
[revive.stylemixthemes.com/blog/category/blog/index.html]
[revive.stylemixthemes.com/blog/2014/05/07/quisque-sit-amet-viverra-lacu-3/index.html]
[revive.stylemixthemes.com/blog/2014/05/07/nullam-non-ante-nec-enim-luctus-3/index.html]
[revive.stylemixthemes.com/wp-content/uploads/2014/05/forest_edit1.webm]
[revive.stylemixthemes.com/blog/staff-view/peter-pablo/index.html]
[revive.stylemixthemes.com/wp-content/uploads/2014/05/pattern_overlay.png]
[revive.stylemixthemes.com/blog/staff-view/mona-lisa/index.html]
[revive.stylemixthemes.com/blog/events-4-columns/vivamus-vitae-augue-vitae-purus-ullamcorper/index.html]
[revive.stylemixthemes.com/wp-content/uploads/2014/05/AFhunger33-240x240.jpg]
[revive.stylemixthemes.com/blog/events-4-columns/help-us-oh-lord-women-meeting/index.html]
[revive.stylemixthemes.com/blog/events-4-columns/mauris-luctus-sem-vitae-elit-vene-natis/index.html]
[revive.stylemixthemes.com/wp-content/uploads/2014/05/copii-africa-240x240.jpg]
[revive.stylemixthemes.com/wp-content/uploads/2014/05/PHO-10Oct26-265423-240x240.jpg]
[revive.stylemixthemes.com/wp-content/uploads/revslider/rev1/11.jpg]
[revive.stylemixthemes.com/blog/online-giving/please-pray-god-heals-the-whole-nice-situation-5/index.html]
[revive.stylemixthemes.com/blog/online-giving/please-pray-god-heals-the-whole-nice-situation-4/index.html]
[revive.stylemixthemes.com/blog/online-giving/donations/index.html]
[revive.stylemixthemes.com/wp-content/uploads/2014/05/201162013417423734_20_800x600cutout-480x270.jpg]
[revive.stylemixthemes.com/blog/events-4-columns/duis-fermentum-nisi-quis/index.html]
[revive.stylemixthemes.com/wp-content/uploads/2014/05/1351690069_1-1-480x270.jpg]
[revive.stylemixthemes.com/wp-content/uploads/2014/05/najavo-reservierung-wallpapers_8499_1920x1200-480x270.jpg]
[revive.stylemixthemes.com/blog/2014/02/27/were-talking-about-love/index.html]
[revive.stylemixthemes.com/wp-content/plugins/contact-form-7/includes/js/jquery.form.mind03d.js]
[revive.stylemixthemes.com/wp-content/plugins/contact-form-7/includes/js/scripts50fa.js]
[revive.stylemixthemes.com/wp-includes/js/mediaelement/wp-mediaelementd22c.js]
[revive.stylemixthemes.com/wp-content/themes/revive/js/jquery-migrate-1.2.1.min.js]
[revive.stylemixthemes.com/wp-content/themes/revive/js/jquery.waitforimages.min13f7.js]
[revive.stylemixthemes.com/wp-content/themes/revive/js/jquery.plugin.mind22c.js]
[revive.stylemixthemes.com/wp-includes/js/mediaelement/mediaelement-and-player.min7796.js]
[revive.stylemixthemes.com/wp-content/themes/revive/js/jquery.countdown.min001e.js]
[revive.stylemixthemes.com/wp-content/themes/revive/js/jquery.easing.1.34e44.js]
[revive.stylemixthemes.com/wp-content/themes/revive/js/jquery.easypiechart.min6b25.js]
[revive.stylemixthemes.com/wp-content/themes/revive/js/jquery.cycle2.min431f.js]
[revive.stylemixthemes.com/wp-content/themes/revive/js/jquery.fancybox.packd63f.js]
[revive.stylemixthemes.com/wp-content/themes/revive/js/jquery.fancybox-media0ba6.js]
[revive.stylemixthemes.com/wp-content/themes/revive/js/bootstrap.min324d.js]
[revive.stylemixthemes.com/wp-content/themes/revive/stm/assets/js/jquery.tmpl.mind22c.js]
[revive.stylemixthemes.com/wp-content/themes/revive/stm/assets/js/global128b.js]
[revive.stylemixthemes.com/wp-content/themes/revive/js/functions128b.js]
[revive.stylemixthemes.com/wp-content/themes/revive/js/audioplayer128b.js]
[revive.stylemixthemes.com/wp-content/themes/revive/js/jquery-ui.custom.min128b.js]
[revive.stylemixthemes.com/wp-content/themes/revive/js/scripts128b.js]
[revive.stylemixthemes.com/wp-content/themes/revive/js/fullcalendar.min128b.js]
[revive.stylemixthemes.com/wp-includes/js/comment-reply.mind22c.js]
[revive.stylemixthemes.com/wp-includes/js/wp-embed.mind22c.js]
[revive.stylemixthemes.com/index.html]
[revive.stylemixthemes.com/xmlrpc.php]
[revive.stylemixthemes.com/wp-content/plugins/contact-form-7/includes/css/styles50fa.css]
[revive.stylemixthemes.com/wp-content/plugins/ds-live-composer/css/main.min6feb.css]
[www.google-analytics.com/analytics.js]
[revive.stylemixthemes.com/wp-content/plugins/ds-live-composer/css/font/fontawesome-webfontb307.woff]
[revive.stylemixthemes.com/wp-content/plugins/ds-live-composer/css/font/fontawesome-webfontb307.eot]
[revive.stylemixthemes.com/wp-content/plugins/ds-live-composer/css/font/fontawesome-webfontd41d.eot]
[revive.stylemixthemes.com/wp-content/plugins/ds-live-composer/css/font/fontawesome-webfontb307.ttf]
[revive.stylemixthemes.com/wp-content/plugins/ds-live-composer/css/font-awesome.min6feb.css]
[revive.stylemixthemes.com/wp-content/plugins/ds-live-composer/css/modules.min6feb.css]
[revive.stylemixthemes.com/wp-content/plugins/ds-live-composer/css/font/fontawesome-webfont.svg]
[revive.stylemixthemes.com/wp-content/plugins/ds-live-composer/css/AjaxLoader.gif]
[revive.stylemixthemes.com/wp-content/plugins/ds-live-composer/css/plugins6feb.css]
[revive.stylemixthemes.com/wp-content/plugins/revslider/rs-plugin/font/revicons90c6.woff]
[revive.stylemixthemes.com/wp-content/plugins/revslider/rs-plugin/font/revicons90c6.eot]
[revive.stylemixthemes.com/wp-content/plugins/revslider/rs-plugin/font/revicons90c6.ttf]
[revive.stylemixthemes.com/wp-content/plugins/revslider/rs-plugin/font/revicons90c6.svg]
[revive.stylemixthemes.com/wp-content/plugins/revslider/rs-plugin/assets/gridtile.png]
[revive.stylemixthemes.com/wp-content/plugins/revslider/rs-plugin/assets/gridtile_white.png]
[revive.stylemixthemes.com/wp-content/plugins/revslider/rs-plugin/assets/gridtile_3x3.png]
[revive.stylemixthemes.com/wp-content/plugins/revslider/rs-plugin/assets/gridtile_3x3_white.png]
[revive.stylemixthemes.com/wp-content/plugins/revslider/rs-plugin/assets/shadow1.png]
[revive.stylemixthemes.com/wp-content/plugins/revslider/rs-plugin/assets/shadow2.png]
[revive.stylemixthemes.com/wp-content/plugins/revslider/rs-plugin/assets/shadow3.png]
[revive.stylemixthemes.com/wp-content/plugins/revslider/rs-plugin/images/gradient/g30.png]
[revive.stylemixthemes.com/wp-content/plugins/revslider/rs-plugin/images/gradient/g40.png]
[revive.stylemixthemes.com/wp-content/plugins/revslider/rs-plugin/assets/boxed_bgtile.png]
[revive.stylemixthemes.com/wp-content/plugins/revslider/rs-plugin/assets/navigdots_bgtile.png]
[revive.stylemixthemes.com/wp-content/plugins/revslider/rs-plugin/assets/bullet.png]
[revive.stylemixthemes.com/wp-content/plugins/revslider/rs-plugin/assets/bullets.png]
[revive.stylemixthemes.com/wp-content/plugins/revslider/rs-plugin/assets/bullets2.png]
[revive.stylemixthemes.com/wp-content/plugins/revslider/rs-plugin/assets/bullet_boxed.png]
[revive.stylemixthemes.com/wp-content/plugins/revslider/rs-plugin/assets/navigdots.png]
[revive.stylemixthemes.com/wp-content/plugins/revslider/rs-plugin/assets/large_left.png]
[revive.stylemixthemes.com/wp-content/plugins/revslider/rs-plugin/assets/large_right.png]
[revive.stylemixthemes.com/wp-content/plugins/revslider/rs-plugin/assets/small_left.png]
[revive.stylemixthemes.com/wp-content/plugins/revslider/rs-plugin/assets/small_right.png]
[revive.stylemixthemes.com/wp-content/plugins/revslider/rs-plugin/assets/arrow_left.png]
[revive.stylemixthemes.com/wp-content/plugins/revslider/rs-plugin/assets/arrow_right.png]
[revive.stylemixthemes.com/wp-content/plugins/revslider/rs-plugin/assets/small_left_boxed.png]
[revive.stylemixthemes.com/wp-content/plugins/revslider/rs-plugin/assets/small_right_boxed.png]
[revive.stylemixthemes.com/wp-content/plugins/revslider/rs-plugin/assets/arrowleft.png]
[revive.stylemixthemes.com/wp-content/plugins/revslider/rs-plugin/assets/arrowright.png]
[revive.stylemixthemes.com/wp-content/plugins/revslider/rs-plugin/assets/arrow_left2.png]
[revive.stylemixthemes.com/wp-content/plugins/revslider/rs-plugin/assets/arrow_right2.png]
[revive.stylemixthemes.com/wp-content/plugins/revslider/rs-plugin/assets/coloredbg.png]
[revive.stylemixthemes.com/wp-content/plugins/revslider/rs-plugin/assets/loader.gif]
[revive.stylemixthemes.com/wp-content/plugins/revslider/rs-plugin/css/settings2982.css]
[revive.stylemixthemes.com/wp-content/themes/revive/fonts/glyphicons-halflings-regular.woff]
[revive.stylemixthemes.com/wp-content/themes/revive/fonts/glyphicons-halflings-regular.eot]
[revive.stylemixthemes.com/wp-content/themes/revive/fonts/glyphicons-halflings-regular.ttf]
[revive.stylemixthemes.com/wp-content/themes/revive/fonts/glyphicons-halflings-regular.svg]
[revive.stylemixthemes.com/wp-content/themes/revive/fonts/glyphicons-halflings-regulard41d.eot]
[revive.stylemixthemes.com/wp-content/themes/revive/css/bootstrap324d.css]
[revive.stylemixthemes.com/wp-content/themes/revive/fonts/fontawesome-webfontba72.ttf]
[revive.stylemixthemes.com/wp-content/themes/revive/fonts/fontawesome-webfontba72.eot]
[revive.stylemixthemes.com/wp-content/themes/revive/fonts/fontawesome-webfontd41d.eot]
[revive.stylemixthemes.com/wp-content/themes/revive/fonts/fontawesome-webfontba72.otf]
[revive.stylemixthemes.com/wp-content/themes/revive/css/font-awesomefa0c.css]
[revive.stylemixthemes.com/wp-content/themes/revive/images/fancybox/fancybox_sprite.png]
[revive.stylemixthemes.com/wp-content/themes/revive/images/fancybox/fancybox_loading.gif]
[revive.stylemixthemes.com/wp-content/themes/revive/images/fancybox/blank.gif]
[revive.stylemixthemes.com/wp-content/themes/revive/images/fancybox/fancybox_overlay.png]
[revive.stylemixthemes.com/wp-content/themes/revive/images/fancybox/fancybox_sprite@2x.png]
[revive.stylemixthemes.com/wp-content/themes/revive/images/fancybox/fancybox_loading@2x.gif]
[revive.stylemixthemes.com/wp-content/themes/revive/css/fancyboxd63f.css]
[revive.stylemixthemes.com/wp-content/themes/revive/images/pattern.png]
[revive.stylemixthemes.com/wp-content/themes/revive/images/pink-arrow.png]
[revive.stylemixthemes.com/wp-content/themes/revive/images/calendar-bg.png]
[revive.stylemixthemes.com/wp-content/themes/revive/images/pattern-lines.png]
[revive.stylemixthemes.com/wp-content/themes/revive/images/patterns/01.png]
[revive.stylemixthemes.com/wp-content/themes/revive/images/patterns/02.png]
[revive.stylemixthemes.com/wp-content/themes/revive/images/patterns/03.png]
[revive.stylemixthemes.com/wp-content/themes/revive/images/patterns/04.png]
[revive.stylemixthemes.com/wp-content/themes/revive/images/patterns/05.png]
[revive.stylemixthemes.com/wp-content/themes/revive/images/patterns/06.png]
[revive.stylemixthemes.com/wp-content/themes/revive/images/backgrounds/01.jpg]
[revive.stylemixthemes.com/wp-content/themes/revive/images/backgrounds/01-thumb.jpg]
[revive.stylemixthemes.com/wp-content/themes/revive/images/backgrounds/02.jpg]
[revive.stylemixthemes.com/wp-content/themes/revive/images/backgrounds/02-thumb.jpg]
[revive.stylemixthemes.com/wp-content/themes/revive/images/backgrounds/03.jpg]
[revive.stylemixthemes.com/wp-content/themes/revive/images/backgrounds/03-thumb.jpg]
[revive.stylemixthemes.com/wp-content/themes/revive/images/backgrounds/04.jpg]
[revive.stylemixthemes.com/wp-content/themes/revive/images/backgrounds/04-thumb.jpg]
[revive.stylemixthemes.com/wp-content/themes/revive/images/backgrounds/05.jpg]
[revive.stylemixthemes.com/wp-content/themes/revive/images/backgrounds/05-thumb.jpg]
[revive.stylemixthemes.com/wp-content/themes/revive/images/backgrounds/06.jpg]
[revive.stylemixthemes.com/wp-content/themes/revive/images/backgrounds/06-thumb.jpg]
[revive.stylemixthemes.com/wp-content/themes/revive/images/hands.png]
[revive.stylemixthemes.com/wp-content/themes/revive/images/block-quote-shadow.png]
[revive.stylemixthemes.com/wp-content/themes/revive/images/spica-left.png]
[revive.stylemixthemes.com/wp-content/themes/revive/images/spica-right.png]
[revive.stylemixthemes.com/wp-content/themes/revive/style128b.css]
[revive.stylemixthemes.com/wp-content/themes/revive/css/fullcalendar128b.css]
[revive.stylemixthemes.com/wp-content/themes/revive/css/custom128b.css]
[revive.stylemixthemes.com/blog/events-4-columns/duis-fermentum-nisi-quis-national/feed/index.html]
[revive.stylemixthemes.com/wp-json/oembed/1.0/embed8c51.json]
[revive.stylemixthemes.com/wp-json/oembed/1.0/embed26fd]
[revive.stylemixthemes.com/blog/events-4-columns/discussion-meeting-love-one-another/index.html]
[revive.stylemixthemes.com/wp-content/themes/revive/images/backgrounds/header-bg.jpg]
[revive.stylemixthemes.com/wp-content/uploads/2014/05/1351690069_1-1.jpg]
[revive.stylemixthemes.com/wp-login27b3.html]
[revive.stylemixthemes.com/blog/events-4-columns/duis-fermentum-nisi-quis-national/index.html]
[revive.stylemixthemes.com/blog/tag/bad-boy/index.html]
[revive.stylemixthemes.com/blog/tag/bible-2/index.html]
[revive.stylemixthemes.com/blog/tag/church-2/index.html]
[revive.stylemixthemes.com/wp-json/oembed/1.0/embed2535.json]
[revive.stylemixthemes.com/blog/tag/forgive/index.html]
[revive.stylemixthemes.com/wp-json/oembed/1.0/embed1e22]
[revive.stylemixthemes.com/homes/index.html]
[revive.stylemixthemes.com/blog/tag/god/index.html]
[revive.stylemixthemes.com/blog/tag/music/index.html]
[revive.stylemixthemes.com/blog/tag/rap/index.html]
[revive.stylemixthemes.com/blog/tag/sex/index.html]
[revive.stylemixthemes.com/wp-json/oembed/1.0/embed4a3d.json]
[revive.stylemixthemes.com/blog/tag/taxi/index.html]
[revive.stylemixthemes.com/blog/tag/theme/index.html]
[revive.stylemixthemes.com/wp-json/oembed/1.0/embed3801]
[revive.stylemixthemes.com/blog/tag/wordpress/index.html]
[revive.stylemixthemes.com/blog/2014/05/index.html]
[revive.stylemixthemes.com/wp-content/uploads/2014/05/Untitled-1.jpg]
[revive.stylemixthemes.com/blog/2014/02/index.html]
[revive.stylemixthemes.com/homes/feed/index.html]
[revive.stylemixthemes.com/wp-content/uploads/2014/05/q1q1.jpg]
[revive.stylemixthemes.com/home-parallax/feed/index.html]
[revive.stylemixthemes.com/wp-content/uploads/2015/03/q2q2.png]
[revive.stylemixthemes.com/wp-content/uploads/2014/05/1400-2.jpg]
[revive.stylemixthemes.com/wp-content/uploads/2014/04/q7.jpg]
[revive.stylemixthemes.com/wp-content/uploads/2014/05/655105-1680x1050-480x270.jpg]
[revive.stylemixthemes.com/home-parallax/index.html]
[revive.stylemixthemes.com/blog/2014/05/07/were-talking-about-love-2/index.html]
[revive.stylemixthemes.com/wp-json/oembed/1.0/embed0ed4.json]
[revive.stylemixthemes.com/home-short/feed/index.html]
[revive.stylemixthemes.com/wp-json/oembed/1.0/embed560f]
[revive.stylemixthemes.com/home-short/index.html]
[revive.stylemixthemes.com/wp-json/oembed/1.0/embedbc1a.json]
[revive.stylemixthemes.com/home-portfolio/feed/index.html]
[revive.stylemixthemes.com/wp-json/oembed/1.0/embed83a1]
[revive.stylemixthemes.com/wp-content/uploads/2014/05/411125_342376345793062_108862152477817_1100654_1335039276_o-480x270.jpg]
[revive.stylemixthemes.com/wp-content/uploads/2014/05/Prayer-480x270.jpg]
[revive.stylemixthemes.com/blog/gallery-4-columns/vestibulum-rhoncus-enim-feugiat-lectus/index.html]
[revive.stylemixthemes.com/wp-content/uploads/2014/05/19-480x270.jpg]
[revive.stylemixthemes.com/wp-content/uploads/2014/05/img2-480x270.jpg]
[revive.stylemixthemes.com/blog/gallery-4-columns/praesent-eu-diam-commodo-blandit/index.html]
[revive.stylemixthemes.com/wp-content/uploads/2014/05/Charitable-Planning-480x270.jpg]
[revive.stylemixthemes.com/blog/gallery-4-columns/aliquam-id-enim-sem/index.html]
[revive.stylemixthemes.com/wp-content/uploads/2014/02/1434840-480x270.jpg]
[revive.stylemixthemes.com/blog/gallery-4-columns/pellentesque-eu-nulla-gravida-hendrerit-2/index.html]
[revive.stylemixthemes.com/blog/gallery-4-columns/pellentesque-eu-nulla-gravida-hendrerit/index.html]
[revive.stylemixthemes.com/wp-content/uploads/2014/05/fxLy-480x270.jpg]
[revive.stylemixthemes.com/blog/gallery-4-columns/integer-eget-auctor-eros/index.html]
[revive.stylemixthemes.com/wp-content/uploads/2014/05/Black_And_White-1-480x270.jpg]
[revive.stylemixthemes.com/blog/gallery-4-columns/sed-tincidunt-pretium-purus-nec/index.html]
[revive.stylemixthemes.com/wp-content/uploads/2014/05/64098843-480x270.jpg]
[revive.stylemixthemes.com/blog/gallery-4-columns/pellentesque-a-sollicitudin-nib/index.html]
[revive.stylemixthemes.com/blog/gallery-4-columns/integer-ullamcorper/index.html]
[revive.stylemixthemes.com/wp-content/uploads/2014/05/Pisgah-480x270.jpg]
[revive.stylemixthemes.com/blog/gallery-4-columns/vivamus-cursus-augue-at-molestie-pul/index.html]
[revive.stylemixthemes.com/blog/gallery-4-columns/ut-enim-ad-minim-veniam/index.html]
[revive.stylemixthemes.com/wp-content/uploads/2014/05/slider2.jpg]
[revive.stylemixthemes.com/blog/gallery-4-columns/etiam-pellentesque-ante/index.html]
[revive.stylemixthemes.com/home-portfolio/index.html]
[revive.stylemixthemes.com/wp-json/oembed/1.0/embed4551.json]
[revive.stylemixthemes.com/wp-json/oembed/1.0/embedb906]
[revive.stylemixthemes.com/events-4-columns/feed/index.html]
[revive.stylemixthemes.com/events-4-columns/index.html]
[revive.stylemixthemes.com/wp-json/oembed/1.0/embede841.json]
[revive.stylemixthemes.com/events/feed/index.html]
[revive.stylemixthemes.com/wp-json/oembed/1.0/embedad93]
[revive.stylemixthemes.com/wp-content/uploads/2014/05/661206-1680x1050.jpg]
[revive.stylemixthemes.com/blog/events-4-columns/hate-it-or-love-it/index.html]
[revive.stylemixthemes.com/events/index.html]
[revive.stylemixthemes.com/blog/events-4-columns/praesent-quis-elementum-lorem/index.html]
[revive.stylemixthemes.com/blog/events-4-columns/god-heals-the-whole-situation/index.html]
[revive.stylemixthemes.com/events/page/2/index.html]
[revive.stylemixthemes.com/wp-json/oembed/1.0/embedc36e.json]
[revive.stylemixthemes.com/events-with-sidebar/feed/index.html]
[revive.stylemixthemes.com/wp-json/oembed/1.0/embed7f48]
[revive.stylemixthemes.com/events-with-sidebar/index.html]
[revive.stylemixthemes.com/wp-json/oembed/1.0/embed3130.json]
[revive.stylemixthemes.com/events-calendar/feed/index.html]
[revive.stylemixthemes.com/wp-json/oembed/1.0/embedca52]
[revive.stylemixthemes.com/events-calendar/index.html]
[revive.stylemixthemes.com/wp-json/oembed/1.0/embed488d.json]
[revive.stylemixthemes.com/sermons-2/feed/index.html]
[revive.stylemixthemes.com/wp-json/oembed/1.0/embed09cd]
[revive.stylemixthemes.com/sermons-2/index.html]
[revive.stylemixthemes.com/sermons/feed/index.html]
[revive.stylemixthemes.com/wp-json/oembed/1.0/embedd89b.json]
[revive.stylemixthemes.com/wp-json/oembed/1.0/embed220e]
[revive.stylemixthemes.com/sermons/index.html]
[revive.stylemixthemes.com/blog/sermons-2/suspendisse-rutrum-congue-sapien/index.html]
[revive.stylemixthemes.com/blog/sermons-2/bible-understading-with-stylemixthemes/index.html]
[revive.stylemixthemes.com/blog/sermons-2/excepteur-sint-occaecat-cupidatat/index.html]
[revive.stylemixthemes.com/wp-json/oembed/1.0/embed4eba.json]
[revive.stylemixthemes.com/sermons-full-width/feed/index.html]
[revive.stylemixthemes.com/wp-json/oembed/1.0/embeddc22]
[revive.stylemixthemes.com/wp-content/uploads/2014/02/11-240x240.png]
[revive.stylemixthemes.com/wp-content/uploads/2014/02/5-240x240.png]
[revive.stylemixthemes.com/wp-content/uploads/2014/02/4-240x240.png]
[revive.stylemixthemes.com/sermons-full-width/index.html]
[revive.stylemixthemes.com/wp-json/oembed/1.0/embed456e.json]
[revive.stylemixthemes.com/blog/feed/index.html]
[revive.stylemixthemes.com/wp-json/oembed/1.0/embed70d7]
[revive.stylemixthemes.com/blog/index.html]
[revive.stylemixthemes.com/wp-json/oembed/1.0/embedc174.json]
[revive.stylemixthemes.com/blog-small-images/feed/index.html]
[revive.stylemixthemes.com/wp-json/oembed/1.0/embedf13e]
[revive.stylemixthemes.com/wp-content/uploads/2014/05/the_road_to_destruction___id_38844-2048x1536-480x270.jpg]
[revive.stylemixthemes.com/blog/2014/05/07/millions-of-people-believe-you-can-2/index.html]
[revive.stylemixthemes.com/blog/2014/05/07/ocean-placerat-diamfelis-2/index.html]
[revive.stylemixthemes.com/blog-small-images/index.html]
[revive.stylemixthemes.com/blog/2014/05/07/nullam-non-ante-nec-enim-luctus-2/index.html]
[revive.stylemixthemes.com/blog/2014/05/07/quisque-sit-amet-viverra-lacu-2/index.html]
[revive.stylemixthemes.com/blog/2014/02/27/millions-of-people-believe-you-can/index.html]
[revive.stylemixthemes.com/blog/2014/02/26/ocean-placerat-diamfelis/index.html]
[revive.stylemixthemes.com/wp-json/oembed/1.0/embed4043.json]
[revive.stylemixthemes.com/blog-large-images/feed/index.html]
[revive.stylemixthemes.com/wp-json/oembed/1.0/embed8bb8]
[revive.stylemixthemes.com/wp-content/uploads/2014/05/PHO-10Oct26-265423.jpg]
[revive.stylemixthemes.com/wp-content/uploads/2014/05/75677463.jpg]
[revive.stylemixthemes.com/wp-content/uploads/2014/05/1100463.jpg]
[revive.stylemixthemes.com/blog-large-images/index.html]
[revive.stylemixthemes.com/wp-json/oembed/1.0/embed906d.json]
[revive.stylemixthemes.com/blog-with-sidebar/feed/index.html]
[revive.stylemixthemes.com/wp-json/oembed/1.0/embed9315]
[revive.stylemixthemes.com/blog-with-sidebar/index.html]
[revive.stylemixthemes.com/wp-json/oembed/1.0/embed9ad9.json]
[revive.stylemixthemes.com/galleries/feed/index.html]
[revive.stylemixthemes.com/wp-json/oembed/1.0/embedfa1c]
[revive.stylemixthemes.com/wp-content/uploads/2014/05/411125_342376345793062_108862152477817_1100654_1335039276_o-240x240.jpg]
[revive.stylemixthemes.com/wp-content/uploads/2014/05/75677463-240x240.jpg]
[revive.stylemixthemes.com/wp-content/uploads/2014/05/Prayer-240x240.jpg]
[revive.stylemixthemes.com/wp-content/uploads/2014/05/19-240x240.jpg]
[revive.stylemixthemes.com/wp-content/uploads/2014/05/img2-240x240.jpg]
[revive.stylemixthemes.com/wp-content/uploads/2014/05/Charitable-Planning-240x240.jpg]
[revive.stylemixthemes.com/wp-content/uploads/2014/05/1351690069_1-1-240x240.jpg]
[revive.stylemixthemes.com/wp-content/uploads/2014/02/1434840-240x240.jpg]
[revive.stylemixthemes.com/wp-content/uploads/2014/05/fxLy-240x240.jpg]
[revive.stylemixthemes.com/wp-content/uploads/2014/05/Black_And_White-1-240x240.jpg]
[revive.stylemixthemes.com/wp-content/uploads/2014/05/64098843-240x240.jpg]
[revive.stylemixthemes.com/wp-content/uploads/2014/05/Pisgah-240x240.jpg]
[revive.stylemixthemes.com/galleries/index.html]
[revive.stylemixthemes.com/wp-json/oembed/1.0/embedcbb5.json]
[revive.stylemixthemes.com/gallery-3-columns/feed/index.html]
[revive.stylemixthemes.com/wp-json/oembed/1.0/embedabd8]
[revive.stylemixthemes.com/gallery-3-columns/index.html]
[revive.stylemixthemes.com/wp-json/oembed/1.0/embed7894.json]
[revive.stylemixthemes.com/gallery-4-columns/feed/index.html]
[revive.stylemixthemes.com/wp-json/oembed/1.0/embed9baa]
[revive.stylemixthemes.com/gallery-4-columns/index.html]
[revive.stylemixthemes.com/wp-json/oembed/1.0/embed4b66.json]
[revive.stylemixthemes.com/gallery-masonry/feed/index.html]
[revive.stylemixthemes.com/wp-json/oembed/1.0/embed849b]
[revive.stylemixthemes.com/wp-content/uploads/2014/05/411125_342376345793062_108862152477817_1100654_1335039276_o-960x520.jpg]
[revive.stylemixthemes.com/wp-content/uploads/2014/05/Prayer-800x520.jpg]
[revive.stylemixthemes.com/wp-content/uploads/2014/05/19-960x520.jpg]
[revive.stylemixthemes.com/wp-content/uploads/2014/05/img2.jpg]
[revive.stylemixthemes.com/wp-content/uploads/2014/05/Charitable-Planning-847x520.jpg]
[revive.stylemixthemes.com/wp-content/uploads/2014/05/1351690069_1-1-960x520.jpg]
[revive.stylemixthemes.com/wp-content/uploads/2014/02/1434840-600x520.jpg]
[revive.stylemixthemes.com/wp-content/uploads/2014/05/fxLy-960x520.jpg]
[revive.stylemixthemes.com/wp-content/uploads/2014/05/Black_And_White-1-750x520.jpg]
[revive.stylemixthemes.com/wp-content/uploads/2014/05/64098843-800x520.jpg]
[revive.stylemixthemes.com/wp-content/uploads/2014/05/Pisgah-960x520.jpg]
[revive.stylemixthemes.com/gallery-masonry/index.html]
[revive.stylemixthemes.com/wp-json/oembed/1.0/embed9430.json]
[revive.stylemixthemes.com/online-giving/feed/index.html]
[revive.stylemixthemes.com/wp-json/oembed/1.0/embeda669]
[revive.stylemixthemes.com/wp-content/uploads/2014/05/the_road_to_destruction___id_38844-2048x1536-240x240.jpg]
[revive.stylemixthemes.com/wp-content/uploads/2014/05/najavo-reservierung-wallpapers_8499_1920x1200-240x240.jpg]
[revive.stylemixthemes.com/online-giving/index.html]
[revive.stylemixthemes.com/blog/online-giving/please-pray-god-heals-the-whole-nice-situation-3/index.html]
[revive.stylemixthemes.com/blog/online-giving/please-pray-god-heals-the-whole-nice-situation-2/index.html]
[revive.stylemixthemes.com/blog/online-giving/please-pray-god-heals-the-whole-nice-situation/index.html]
[revive.stylemixthemes.com/wp-json/oembed/1.0/embed406a.json]
[revive.stylemixthemes.com/wp-json/oembed/1.0/embeda2de]
[revive.stylemixthemes.com/donations1/index.html]
[revive.stylemixthemes.com/blog/online-giving/fusce-placerat-imperdiet-congu/index.html]
[revive.stylemixthemes.com/blog/online-giving/proin-luctus-nunc-non/index.html]
[revive.stylemixthemes.com/blog/online-giving/duis-quis-libero-scelerisque/index.html]
[revive.stylemixthemes.com/donations1/feed/index.html]
[revive.stylemixthemes.com/wp-json/oembed/1.0/embed8ce2.json]
[revive.stylemixthemes.com/donations2/feed/index.html]
[revive.stylemixthemes.com/wp-json/oembed/1.0/embed5415]
[revive.stylemixthemes.com/donations2/index.html]
[revive.stylemixthemes.com/wp-json/oembed/1.0/embedffd8.json]
[revive.stylemixthemes.com/other-pages/feed/index.html]
[revive.stylemixthemes.com/wp-json/oembed/1.0/embedd253]
[revive.stylemixthemes.com/other-pages/index.html]
[revive.stylemixthemes.com/wp-json/oembed/1.0/embed130a.json]
[revive.stylemixthemes.com/features/feed/index.html]
[revive.stylemixthemes.com/wp-json/oembed/1.0/embede355]
[revive.stylemixthemes.com/features/index.html]
[revive.stylemixthemes.com/wp-json/oembed/1.0/embeda756.json]
[revive.stylemixthemes.com/about-us/feed/index.html]
[revive.stylemixthemes.com/wp-json/oembed/1.0/embedb383]
[revive.stylemixthemes.com/wp-content/uploads/2014/02/4.jpg]
[revive.stylemixthemes.com/wp-content/uploads/2014/02/5.jpg]
[revive.stylemixthemes.com/wp-content/uploads/2014/02/6.jpg]
[revive.stylemixthemes.com/wp-content/uploads/2014/02/7.jpg]
[revive.stylemixthemes.com/wp-content/uploads/2014/02/8.jpg]
[revive.stylemixthemes.com/wp-content/uploads/2014/02/9.jpg]
[revive.stylemixthemes.com/wp-content/uploads/2014/05/411125_342376345793062_108862152477817_1100654_1335039276_o-480x480.jpg]
[revive.stylemixthemes.com/about-us/index.html]
[revive.stylemixthemes.com/staff-view/saint-prince/index.html]
[revive.stylemixthemes.com/wp-json/oembed/1.0/embed2e25.json]
[revive.stylemixthemes.com/prayer-center/feed/index.html]
[revive.stylemixthemes.com/wp-json/oembed/1.0/embed01f5]
[revive.stylemixthemes.com/prayer-center/index.html]
[revive.stylemixthemes.com/pricing-plan/feed/index.html]
[revive.stylemixthemes.com/wp-json/oembed/1.0/embed6e1b.json]
[revive.stylemixthemes.com/wp-json/oembed/1.0/embede0b8]
[revive.stylemixthemes.com/pricing-plan/index.html]
[revive.stylemixthemes.com/wp-json/oembed/1.0/embed47c9.json]
[revive.stylemixthemes.com/typography/feed/index.html]
[revive.stylemixthemes.com/wp-json/oembed/1.0/embed7339]
[revive.stylemixthemes.com/typography/index.html]
[revive.stylemixthemes.com/wp-json/oembed/1.0/embed6d4b.json]
[revive.stylemixthemes.com/shortcodes/feed/index.html]
[revive.stylemixthemes.com/wp-json/oembed/1.0/embed635f]
[revive.stylemixthemes.com/shortcodes/index.html]
[revive.stylemixthemes.com/nonexistingpageurl.html]
[revive.stylemixthemes.com/wp-json/oembed/1.0/embed6e79.json]
[revive.stylemixthemes.com/contact-us/feed/index.html]
[revive.stylemixthemes.com/wp-json/oembed/1.0/embedc3b2]
[revive.stylemixthemes.com/contact-us/index.html]
[revive.stylemixthemes.com/wp-json/oembed/1.0/embedbd80.json]
[revive.stylemixthemes.com/blog/sermons-2/adiam-sit-amet-quam-mattis/feed/index.html]
[revive.stylemixthemes.com/wp-json/oembed/1.0/embed4c33]
[revive.stylemixthemes.com/blog/sermons-2/adiam-sit-amet-quam-mattis/index.html]
[revive.stylemixthemes.com/wp-login965d.html]
[revive.stylemixthemes.com/wp-json/oembed/1.0/embedd501.json]
[revive.stylemixthemes.com/wp-json/oembed/1.0/embedde8c]
[revive.stylemixthemes.com/wp-content/uploads/2014/05/Sasha.jpg]
[revive.stylemixthemes.com/our-staff/index.html]
[revive.stylemixthemes.com/wp-content/uploads/2014/05/Maxim-240x240.jpg]
[revive.stylemixthemes.com/wp-content/uploads/2014/05/Sasha-240x240.jpg]
[revive.stylemixthemes.com/wp-content/uploads/2014/05/Oksana-240x240.jpg]
[revive.stylemixthemes.com/blog/staff-view/saint-prince/index.html]
[revive.stylemixthemes.com/wp-json/oembed/1.0/embed20bb.json]
[revive.stylemixthemes.com/blog/2014/05/07/quisque-sit-amet-viverra-lacu-4/feed/index.html]
[revive.stylemixthemes.com/wp-json/oembed/1.0/embed87fd]
[revive.stylemixthemes.com/blog/2014/05/07/quisque-sit-amet-viverra-lacu-4/index.html]
[revive.stylemixthemes.com/blog/category/famous-saints/index.html]
[revive.stylemixthemes.com/wp-login99c9.html]
[revive.stylemixthemes.com/wp-json/oembed/1.0/embed2ea9.json]
[revive.stylemixthemes.com/blog/category/famous-saints/feed/index.html]
[revive.stylemixthemes.com/blog/2014/05/07/quisque-sit-amet-viverra-lacu-3/feed/index.html]
[revive.stylemixthemes.com/wp-json/oembed/1.0/embedee66]
[revive.stylemixthemes.com/blog/2014/05/07/quisque-sit-amet-viverra-lacu-3/index.html]
[revive.stylemixthemes.com/blog/category/blog/index.html]
[revive.stylemixthemes.com/wp-loginc751.html]
[revive.stylemixthemes.com/wp-json/oembed/1.0/embedee89.json]
[revive.stylemixthemes.com/blog/category/blog/feed/index.html]
[revive.stylemixthemes.com/blog/2014/05/07/nullam-non-ante-nec-enim-luctus-3/feed/index.html]
[revive.stylemixthemes.com/wp-json/oembed/1.0/embed85b7]
[revive.stylemixthemes.com/blog/2014/05/07/nullam-non-ante-nec-enim-luctus-3/index.html]
[revive.stylemixthemes.com/wp-loginfacc.html]
[revive.stylemixthemes.com/wp-json/oembed/1.0/embed35b4.json]
[revive.stylemixthemes.com/wp-json/oembed/1.0/embede194]
[revive.stylemixthemes.com/wp-content/uploads/2014/05/Maxim.jpg]
[revive.stylemixthemes.com/blog/staff-view/peter-pablo/index.html]
[revive.stylemixthemes.com/wp-json/oembed/1.0/embed90f0.json]
[revive.stylemixthemes.com/wp-json/oembed/1.0/embed9c12]
[revive.stylemixthemes.com/wp-content/uploads/2014/05/Oksana.jpg]
[revive.stylemixthemes.com/blog/staff-view/mona-lisa/index.html]
[revive.stylemixthemes.com/blog/events-4-columns/vivamus-vitae-augue-vitae-purus-ullamcorper/feed/index.html]
[revive.stylemixthemes.com/wp-json/oembed/1.0/embed7beb.json]
[revive.stylemixthemes.com/wp-json/oembed/1.0/embedb4a4]
[revive.stylemixthemes.com/wp-content/uploads/2014/02/z27.jpg]
[revive.stylemixthemes.com/wp-loginef42.html]
[revive.stylemixthemes.com/blog/events-4-columns/vivamus-vitae-augue-vitae-purus-ullamcorper/index.html]
[revive.stylemixthemes.com/blog/events-4-columns/mauris-luctus-sem-vitae-elit-vene-natis/feed/index.html]
[revive.stylemixthemes.com/wp-json/oembed/1.0/embed5ba4.json]
[revive.stylemixthemes.com/wp-json/oembed/1.0/embed016f]
[revive.stylemixthemes.com/blog/events-4-columns/mauris-luctus-sem-vitae-elit-vene-natis/index.html]
[revive.stylemixthemes.com/wp-login7ce0.html]
[revive.stylemixthemes.com/wp-json/oembed/1.0/embed0def.json]
[revive.stylemixthemes.com/blog/events-4-columns/help-us-oh-lord-women-meeting/feed/index.html]
[revive.stylemixthemes.com/wp-json/oembed/1.0/embedf43a]
[revive.stylemixthemes.com/wp-content/uploads/2014/05/fxLy.jpg]
[revive.stylemixthemes.com/blog/events-4-columns/help-us-oh-lord-women-meeting/index.html]
[revive.stylemixthemes.com/wp-content/uploads/2014/05/forest_edit1.html]
[revive.stylemixthemes.com/wp-login17fe.html]
[revive.stylemixthemes.com/wp-json/oembed/1.0/embed02f0.json]
[revive.stylemixthemes.com/blog/online-giving/please-pray-god-heals-the-whole-nice-situation-5/feed/index.html]
[revive.stylemixthemes.com/wp-json/oembed/1.0/embeda7a7]
[revive.stylemixthemes.com/wp-content/uploads/2014/05/AFhunger33.jpg]
[revive.stylemixthemes.com/wp-content/plugins/contact-form-7/images/ajax-loader.gif]
[revive.stylemixthemes.com/blog/online-giving/please-pray-god-heals-the-whole-nice-situation-5/index.html]
[revive.stylemixthemes.com/wp-logind40f.html]
[revive.stylemixthemes.com/wp-json/oembed/1.0/embed4349.json]
[revive.stylemixthemes.com/blog/online-giving/donations/feed/index.html]
[revive.stylemixthemes.com/wp-json/oembed/1.0/embed662e]
[revive.stylemixthemes.com/wp-content/uploads/2014/05/706497_14-240x240.jpg]
[revive.stylemixthemes.com/wp-login1591.html]
[revive.stylemixthemes.com/blog/online-giving/donations/index.html]
[revive.stylemixthemes.com/blog/online-giving/praesent-volutpat-arcu-dolor/index.html]
[revive.stylemixthemes.com/wp-json/oembed/1.0/embed3317.json]
[revive.stylemixthemes.com/blog/online-giving/please-pray-god-heals-the-whole-nice-situation-4/feed/index.html]
[revive.stylemixthemes.com/wp-json/oembed/1.0/embed26e4]
[revive.stylemixthemes.com/blog/online-giving/please-pray-god-heals-the-whole-nice-situation-4/index.html]
[revive.stylemixthemes.com/wp-login73e1.html]
[revive.stylemixthemes.com/wp-json/oembed/1.0/embed6834.json]
[revive.stylemixthemes.com/blog/events-4-columns/duis-fermentum-nisi-quis/feed/index.html]
[revive.stylemixthemes.com/wp-json/oembed/1.0/embed45b9]
[revive.stylemixthemes.com/wp-content/uploads/2014/05/201162013417423734_20_800x600cutout.jpg]
[revive.stylemixthemes.com/blog/events-4-columns/duis-fermentum-nisi-quis/index.html]
[revive.stylemixthemes.com/wp-login49a7.html]
[revive.stylemixthemes.com/wp-json/oembed/1.0/embeda1f6.json]
[revive.stylemixthemes.com/blog/2014/02/27/were-talking-about-love/feed/index.html]
[revive.stylemixthemes.com/wp-json/oembed/1.0/embedd292]
[revive.stylemixthemes.com/wp-content/uploads/2014/05/najavo-reservierung-wallpapers_8499_1920x1200.jpg]
[revive.stylemixthemes.com/wp-login63eb.html]
[revive.stylemixthemes.com/blog/2014/02/27/were-talking-about-love/index.html]
[revive.stylemixthemes.com/wp-content/plugins/ds-live-composer/css/font/fontawesome-webfont.svg]
[revive.stylemixthemes.com/wp-content/plugins/ds-live-composer/css/AjaxLoader.html]
[revive.stylemixthemes.com/wp-content/plugins/revslider/rs-plugin/font/revicons90c6.svg]
[revive.stylemixthemes.com/wp-content/themes/revive/fonts/glyphicons-halflings-regular.svg]
[revive.stylemixthemes.com/blog/events-4-columns/duis-fermentum-nisi-quis-national/feed/index.html]
[revive.stylemixthemes.com/wp-json/oembed/1.0/embed1812.json]
[revive.stylemixthemes.com/blog/events-4-columns/discussion-meeting-love-one-another/feed/index.html]
[revive.stylemixthemes.com/wp-json/oembed/1.0/embedf250]
[revive.stylemixthemes.com/wp-loginb505.html]
[revive.stylemixthemes.com/blog/events-4-columns/discussion-meeting-love-one-another/index.html]
[revive.stylemixthemes.com/indexca25.html]
[revive.stylemixthemes.com/blog/tag/bad-boy/index.html]
[revive.stylemixthemes.com/blog/tag/bible-2/index.html]
[revive.stylemixthemes.com/blog/tag/bad-boy/feed/index.html]
[revive.stylemixthemes.com/blog/tag/bible-2/feed/index.html]
[revive.stylemixthemes.com/blog/tag/church-2/index.html]
[revive.stylemixthemes.com/blog/tag/forgive/index.html]
[revive.stylemixthemes.com/blog/tag/church-2/feed/index.html]
[revive.stylemixthemes.com/blog/tag/god/index.html]
[revive.stylemixthemes.com/blog/tag/forgive/feed/index.html]
[revive.stylemixthemes.com/blog/tag/music/index.html]
[revive.stylemixthemes.com/blog/tag/god/feed/index.html]
[revive.stylemixthemes.com/blog/tag/music/feed/index.html]
[revive.stylemixthemes.com/blog/tag/rap/index.html]
[revive.stylemixthemes.com/blog/tag/sex/index.html]
[revive.stylemixthemes.com/blog/tag/sex/feed/index.html]
[revive.stylemixthemes.com/blog/tag/rap/feed/index.html]
[revive.stylemixthemes.com/blog/tag/taxi/index.html]
[revive.stylemixthemes.com/blog/tag/theme/index.html]
[revive.stylemixthemes.com/blog/tag/theme/feed/index.html]
[revive.stylemixthemes.com/blog/tag/taxi/feed/index.html]
[revive.stylemixthemes.com/blog/tag/wordpress/index.html]
[revive.stylemixthemes.com/blog/2014/05/index.html]
[revive.stylemixthemes.com/blog/tag/wordpress/feed/index.html]
[revive.stylemixthemes.com/blog/2014/02/index.html]
[revive.stylemixthemes.com/blog/2014/index.html]
[revive.stylemixthemes.com/wp-includes/css/buttons.mind22c.css]
[revive.stylemixthemes.com/wp-includes/css/dashicons.mind22c.css]
[revive.stylemixthemes.com/wp-login27b3.html]
[revive.stylemixthemes.com/indexa040.html]
[revive.stylemixthemes.com/indexbbbc.html]
[revive.stylemixthemes.com/wp-loginc2b6.html]
[revive.stylemixthemes.com/wp-json/oembed/1.0/embed1860.json]
[revive.stylemixthemes.com/blog/2014/05/07/were-talking-about-love-2/feed/index.html]
[revive.stylemixthemes.com/wp-json/oembed/1.0/embed930d]
[revive.stylemixthemes.com/wp-content/uploads/2014/05/655105-1680x1050.jpg]
[revive.stylemixthemes.com/blog/2014/05/07/were-talking-about-love-2/index.html]
[revive.stylemixthemes.com/index6b92.html]
[revive.stylemixthemes.com/index7ab1.html]
[revive.stylemixthemes.com/wp-login4dad.html]
[revive.stylemixthemes.com/blog/gallery-4-columns/vestibulum-rhoncus-enim-feugiat-lectus/feed/index.html]
[revive.stylemixthemes.com/wp-json/oembed/1.0/embedb57a.json]
[revive.stylemixthemes.com/wp-json/oembed/1.0/embed749e]
[revive.stylemixthemes.com/wp-content/uploads/2014/02/9-960x520.jpg]
[revive.stylemixthemes.com/wp-content/uploads/2014/02/8-960x520.jpg]
[revive.stylemixthemes.com/wp-content/uploads/2014/02/7-960x520.jpg]
[revive.stylemixthemes.com/wp-content/uploads/2014/02/6-960x520.jpg]
[revive.stylemixthemes.com/wp-login2af6.html]
[revive.stylemixthemes.com/blog/gallery-4-columns/vestibulum-rhoncus-enim-feugiat-lectus/index.html]
[revive.stylemixthemes.com/wp-json/oembed/1.0/embed99c6.json]
[revive.stylemixthemes.com/wp-json/oembed/1.0/embed610d]
[revive.stylemixthemes.com/blog/gallery-4-columns/praesent-eu-diam-commodo-blandit/feed/index.html]
[revive.stylemixthemes.com/blog/gallery-4-columns/praesent-eu-diam-commodo-blandit/index.html]
[revive.stylemixthemes.com/wp-loginbcca.html]
[revive.stylemixthemes.com/wp-json/oembed/1.0/embed67ee.json]
[revive.stylemixthemes.com/wp-json/oembed/1.0/embedb05c]
[revive.stylemixthemes.com/wp-content/uploads/2014/05/Prayer.jpg]
[revive.stylemixthemes.com/blog/gallery-4-columns/aliquam-id-enim-sem/index.html]
[revive.stylemixthemes.com/wp-json/oembed/1.0/embed1724.json]
[revive.stylemixthemes.com/wp-json/oembed/1.0/embed1381]
[revive.stylemixthemes.com/wp-content/uploads/2014/05/19.jpg]
[revive.stylemixthemes.com/blog/gallery-4-columns/pellentesque-eu-nulla-gravida-hendrerit-2/index.html]
[revive.stylemixthemes.com/wp-json/oembed/1.0/embed281e.json]
[revive.stylemixthemes.com/blog/gallery-4-columns/pellentesque-eu-nulla-gravida-hendrerit/feed/index.html]
[revive.stylemixthemes.com/wp-json/oembed/1.0/embedfc32]
[revive.stylemixthemes.com/blog/gallery-4-columns/pellentesque-eu-nulla-gravida-hendrerit/index.html]
[revive.stylemixthemes.com/wp-login5eeb.html]
[revive.stylemixthemes.com/wp-json/oembed/1.0/embed1dd3.json]
[revive.stylemixthemes.com/blog/gallery-4-columns/integer-eget-auctor-eros/feed/index.html]
[revive.stylemixthemes.com/wp-json/oembed/1.0/embed88f0]
[revive.stylemixthemes.com/wp-content/uploads/2014/05/Charitable-Planning.jpg]
[revive.stylemixthemes.com/blog/gallery-4-columns/integer-eget-auctor-eros/index.html]
[revive.stylemixthemes.com/wp-loginc39c.html]
[revive.stylemixthemes.com/wp-json/oembed/1.0/embedcb15.json]
[revive.stylemixthemes.com/blog/gallery-4-columns/sed-tincidunt-pretium-purus-nec/feed/index.html]
[revive.stylemixthemes.com/wp-json/oembed/1.0/embed6c2c]
[revive.stylemixthemes.com/wp-content/uploads/2014/05/706497_14-960x520.jpg]
[revive.stylemixthemes.com/blog/gallery-4-columns/sed-tincidunt-pretium-purus-nec/index.html]
[revive.stylemixthemes.com/wp-logind472.html]
[revive.stylemixthemes.com/wp-json/oembed/1.0/embed9570.json]
[revive.stylemixthemes.com/blog/gallery-4-columns/pellentesque-a-sollicitudin-nib/feed/index.html]
[revive.stylemixthemes.com/wp-json/oembed/1.0/embede7a5]
[revive.stylemixthemes.com/wp-content/uploads/2014/02/1434840.jpg]
[revive.stylemixthemes.com/wp-login9eff.html]
[revive.stylemixthemes.com/blog/gallery-4-columns/pellentesque-a-sollicitudin-nib/index.html]
[revive.stylemixthemes.com/wp-json/oembed/1.0/embeda93d.json]
[revive.stylemixthemes.com/blog/gallery-4-columns/integer-ullamcorper/feed/index.html]
[revive.stylemixthemes.com/wp-json/oembed/1.0/embed5c55]
[revive.stylemixthemes.com/wp-loginff25.html]
[revive.stylemixthemes.com/blog/gallery-4-columns/integer-ullamcorper/index.html]
[revive.stylemixthemes.com/wp-json/oembed/1.0/embed042e.json]
[revive.stylemixthemes.com/blog/gallery-4-columns/vivamus-cursus-augue-at-molestie-pul/feed/index.html]
[revive.stylemixthemes.com/wp-json/oembed/1.0/embed3965]
[revive.stylemixthemes.com/wp-content/uploads/2014/05/the_road_to_destruction___id_38844-2048x1536-960x520.jpg]
[revive.stylemixthemes.com/wp-content/uploads/2014/05/PHO-10Oct26-265423-960x520.jpg]
[revive.stylemixthemes.com/wp-content/uploads/2014/05/AFhunger33-960x520.jpg]
[revive.stylemixthemes.com/blog/gallery-4-columns/vivamus-cursus-augue-at-molestie-pul/index.html]
[revive.stylemixthemes.com/wp-login848e.html]
[revive.stylemixthemes.com/wp-json/oembed/1.0/embed317c.json]
[revive.stylemixthemes.com/blog/gallery-4-columns/ut-enim-ad-minim-veniam/feed/index.html]
[revive.stylemixthemes.com/wp-json/oembed/1.0/embed6049]
[revive.stylemixthemes.com/wp-content/uploads/revslider/rev1/1-960x500.jpg]
[revive.stylemixthemes.com/wp-content/uploads/revslider/rev1/12-960x500.jpg]
[revive.stylemixthemes.com/blog/gallery-4-columns/ut-enim-ad-minim-veniam/index.html]
[revive.stylemixthemes.com/wp-login42e8.html]
[revive.stylemixthemes.com/wp-json/oembed/1.0/embedef33.json]
[revive.stylemixthemes.com/blog/gallery-4-columns/etiam-pellentesque-ante/feed/index.html]
[revive.stylemixthemes.com/wp-json/oembed/1.0/embed634c]
[revive.stylemixthemes.com/blog/gallery-4-columns/etiam-pellentesque-ante/index.html]
[revive.stylemixthemes.com/index4720.html]
[revive.stylemixthemes.com/index678b.html]
[revive.stylemixthemes.com/wp-login7303.html]
[revive.stylemixthemes.com/wp-json/oembed/1.0/embed557e.json]
[revive.stylemixthemes.com/blog/events-4-columns/hate-it-or-love-it/feed/index.html]
[revive.stylemixthemes.com/wp-json/oembed/1.0/embedbc78]
[revive.stylemixthemes.com/wp-content/uploads/2014/05/empty_church_411board.jpg]
[revive.stylemixthemes.com/blog/events-4-columns/hate-it-or-love-it/index.html]
[revive.stylemixthemes.com/wp-login3a7c.html]
[revive.stylemixthemes.com/blog/events-4-columns/praesent-quis-elementum-lorem/feed/index.html]
[revive.stylemixthemes.com/wp-json/oembed/1.0/embed2f88.json]
[revive.stylemixthemes.com/wp-json/oembed/1.0/embed3020]
[revive.stylemixthemes.com/wp-content/uploads/2014/05/the_road_to_destruction___id_38844-2048x1536.jpg]
[revive.stylemixthemes.com/blog/events-4-columns/praesent-quis-elementum-lorem/index.html]
[revive.stylemixthemes.com/wp-login66c5.html]
[revive.stylemixthemes.com/wp-json/oembed/1.0/embed9109.json]
[revive.stylemixthemes.com/blog/events-4-columns/god-heals-the-whole-situation/feed/index.html]
[revive.stylemixthemes.com/wp-json/oembed/1.0/embed7b1a]
[revive.stylemixthemes.com/wp-content/uploads/revslider/rev1/1.jpg]
[revive.stylemixthemes.com/blog/events-4-columns/god-heals-the-whole-situation/index.html]
[revive.stylemixthemes.com/events/page/2/index.html]
[revive.stylemixthemes.com/index2e31.html]
[revive.stylemixthemes.com/index3f97.html]
[revive.stylemixthemes.com/indexdba8.html]
[revive.stylemixthemes.com/index64b4.html]
[revive.stylemixthemes.com/wp-login1d2c.html]
[revive.stylemixthemes.com/blog/sermons-2/suspendisse-rutrum-congue-sapien/feed/index.html]
[revive.stylemixthemes.com/wp-json/oembed/1.0/embed502c.json]
[revive.stylemixthemes.com/wp-json/oembed/1.0/embed9a43]
[revive.stylemixthemes.com/wp-content/uploads/2014/02/11.png]
[revive.stylemixthemes.com/wp-login96fd.html]
[revive.stylemixthemes.com/blog/sermons-2/suspendisse-rutrum-congue-sapien/index.html]
[revive.stylemixthemes.com/wp-json/oembed/1.0/embed59b0.json]
[revive.stylemixthemes.com/blog/sermons-2/excepteur-sint-occaecat-cupidatat/feed/index.html]
[revive.stylemixthemes.com/wp-json/oembed/1.0/embedd403]
[revive.stylemixthemes.com/wp-content/uploads/2014/02/5.png]
[revive.stylemixthemes.com/wp-login32b9.html]
[revive.stylemixthemes.com/blog/sermons-2/excepteur-sint-occaecat-cupidatat/index.html]
[revive.stylemixthemes.com/wp-json/oembed/1.0/embedbdc8.json]
[revive.stylemixthemes.com/blog/sermons-2/bible-understading-with-stylemixthemes/feed/index.html]
[revive.stylemixthemes.com/wp-json/oembed/1.0/embedee97]
[revive.stylemixthemes.com/wp-content/uploads/2014/02/Мозайка.mp3]
[revive.stylemixthemes.com/wp-content/uploads/2014/02/4.png]
[revive.stylemixthemes.com/wp-login316b.html]
[revive.stylemixthemes.com/blog/sermons-2/bible-understading-with-stylemixthemes/index.html]
[revive.stylemixthemes.com/index2c5f.html]
[revive.stylemixthemes.com/index0b69.html]
[revive.stylemixthemes.com/indexec81.html]
[revive.stylemixthemes.com/wp-json/oembed/1.0/embed5548.json]
[revive.stylemixthemes.com/blog/2014/05/07/millions-of-people-believe-you-can-2/feed/index.html]
[revive.stylemixthemes.com/wp-json/oembed/1.0/embedcf4b]
[revive.stylemixthemes.com/wp-content/uploads/2014/05/64098843.jpg]
[revive.stylemixthemes.com/wp-login1d75.html]
[revive.stylemixthemes.com/blog/2014/05/07/millions-of-people-believe-you-can-2/index.html]
[revive.stylemixthemes.com/wp-json/oembed/1.0/embed7927.json]
[revive.stylemixthemes.com/blog/2014/05/07/ocean-placerat-diamfelis-2/feed/index.html]
[revive.stylemixthemes.com/wp-json/oembed/1.0/embed8739]
[revive.stylemixthemes.com/wp-login3626.html]
[revive.stylemixthemes.com/blog/2014/05/07/ocean-placerat-diamfelis-2/index.html]
[revive.stylemixthemes.com/wp-json/oembed/1.0/embed978e.json]
[revive.stylemixthemes.com/blog/2014/05/07/quisque-sit-amet-viverra-lacu-2/feed/index.html]
[revive.stylemixthemes.com/wp-json/oembed/1.0/embedc164]
[revive.stylemixthemes.com/blog/2014/05/07/quisque-sit-amet-viverra-lacu-2/index.html]
[revive.stylemixthemes.com/wp-login6e37.html]
[revive.stylemixthemes.com/wp-json/oembed/1.0/embed44dd.json]
[revive.stylemixthemes.com/blog/2014/05/07/nullam-non-ante-nec-enim-luctus-2/feed/index.html]
[revive.stylemixthemes.com/wp-json/oembed/1.0/embed1e63]
[revive.stylemixthemes.com/wp-content/uploads/2014/05/Pisgah.jpg]
[revive.stylemixthemes.com/blog/2014/05/07/nullam-non-ante-nec-enim-luctus-2/index.html]
[revive.stylemixthemes.com/wp-logineda1.html]
[revive.stylemixthemes.com/wp-json/oembed/1.0/embed7945.json]
[revive.stylemixthemes.com/blog/2014/02/27/millions-of-people-believe-you-can/feed/index.html]
[revive.stylemixthemes.com/wp-json/oembed/1.0/embed6837]
[revive.stylemixthemes.com/blog/2014/02/27/millions-of-people-believe-you-can/index.html]
[revive.stylemixthemes.com/wp-login125a.html]
[revive.stylemixthemes.com/wp-json/oembed/1.0/embed25cb.json]
[revive.stylemixthemes.com/blog/2014/02/26/ocean-placerat-diamfelis/feed/index.html]
[revive.stylemixthemes.com/wp-json/oembed/1.0/embeda423]
[revive.stylemixthemes.com/blog/2014/02/26/ocean-placerat-diamfelis/index.html]
[revive.stylemixthemes.com/index5ed0.html]
[revive.stylemixthemes.com/index8a0c.html]
[revive.stylemixthemes.com/indexd8eb.html]
[revive.stylemixthemes.com/index778b.html]
[revive.stylemixthemes.com/index6c15.html]
[revive.stylemixthemes.com/index5657.html]
[revive.stylemixthemes.com/index5831.html]
[revive.stylemixthemes.com/wp-login3e1b.html]
[revive.stylemixthemes.com/wp-json/oembed/1.0/embeda054.json]
[revive.stylemixthemes.com/blog/online-giving/please-pray-god-heals-the-whole-nice-situation-3/feed/index.html]
[revive.stylemixthemes.com/wp-json/oembed/1.0/embed6b80]
[revive.stylemixthemes.com/blog/online-giving/please-pray-god-heals-the-whole-nice-situation-3/index.html]
[revive.stylemixthemes.com/wp-logina906.html]
[revive.stylemixthemes.com/wp-json/oembed/1.0/embed7465.json]
[revive.stylemixthemes.com/blog/online-giving/please-pray-god-heals-the-whole-nice-situation-2/feed/index.html]
[revive.stylemixthemes.com/wp-json/oembed/1.0/embedda56]
[revive.stylemixthemes.com/blog/online-giving/please-pray-god-heals-the-whole-nice-situation-2/index.html]
[revive.stylemixthemes.com/wp-loginba16.html]
[revive.stylemixthemes.com/wp-json/oembed/1.0/embed6fec.json]
[revive.stylemixthemes.com/blog/online-giving/please-pray-god-heals-the-whole-nice-situation/feed/index.html]
[revive.stylemixthemes.com/wp-json/oembed/1.0/embed169a]
[revive.stylemixthemes.com/blog/online-giving/please-pray-god-heals-the-whole-nice-situation/index.html]
[revive.stylemixthemes.com/wp-logine05c.html]
[revive.stylemixthemes.com/blog/online-giving/fusce-placerat-imperdiet-congu/feed/index.html]
[revive.stylemixthemes.com/wp-json/oembed/1.0/embed3612.json]
[revive.stylemixthemes.com/wp-json/oembed/1.0/embedbc7d]
[revive.stylemixthemes.com/blog/online-giving/fusce-placerat-imperdiet-congu/index.html]
[revive.stylemixthemes.com/wp-login9148.html]
[revive.stylemixthemes.com/wp-json/oembed/1.0/embedd027.json]
[revive.stylemixthemes.com/blog/online-giving/proin-luctus-nunc-non/feed/index.html]
[revive.stylemixthemes.com/wp-json/oembed/1.0/embed2662]
[revive.stylemixthemes.com/blog/online-giving/proin-luctus-nunc-non/index.html]
[revive.stylemixthemes.com/wp-login4585.html]
[revive.stylemixthemes.com/wp-json/oembed/1.0/embeda367.json]
[revive.stylemixthemes.com/blog/online-giving/duis-quis-libero-scelerisque/feed/index.html]
[revive.stylemixthemes.com/wp-json/oembed/1.0/embed5033]
[revive.stylemixthemes.com/blog/online-giving/duis-quis-libero-scelerisque/index.html]
[revive.stylemixthemes.com/indexc2ef.html]
[revive.stylemixthemes.com/index2206.html]
[revive.stylemixthemes.com/index40a0.html]
[revive.stylemixthemes.com/index9fa1.html]
[revive.stylemixthemes.com/indexc4f7.html]
[revive.stylemixthemes.com/index3965.html]
[revive.stylemixthemes.com/index0dc6.html]
[revive.stylemixthemes.com/indexb4c1.html]
[revive.stylemixthemes.com/indexc902.html]
[revive.stylemixthemes.com/index156c.html]
[revive.stylemixthemes.com/blog/sermons-2/adiam-sit-amet-quam-mattis/feed/index.html]
[revive.stylemixthemes.com/index8b4e.html]
[revive.stylemixthemes.com/wp-login965d.html]
[revive.stylemixthemes.com/indexd52d.html]
[revive.stylemixthemes.com/wp-logina398.html]
[revive.stylemixthemes.com/wp-json/oembed/1.0/embedd331.json]
[revive.stylemixthemes.com/our-staff/feed/index.html]
[revive.stylemixthemes.com/wp-json/oembed/1.0/embed61b8]
[revive.stylemixthemes.com/our-staff/index.html]
[revive.stylemixthemes.com/index12d0.html]
[revive.stylemixthemes.com/wp-login99c9.html]
[revive.stylemixthemes.com/index5ee4.html]
[revive.stylemixthemes.com/wp-loginc751.html]
[revive.stylemixthemes.com/index7aa0.html]
[revive.stylemixthemes.com/wp-loginfacc.html]
[revive.stylemixthemes.com/index9430.html]
[revive.stylemixthemes.com/index31a3.html]
[revive.stylemixthemes.com/blog/events-4-columns/vivamus-vitae-augue-vitae-purus-ullamcorper/feed/index.html]
[revive.stylemixthemes.com/index198a.html]
[revive.stylemixthemes.com/wp-loginef42.html]
[revive.stylemixthemes.com/blog/events-4-columns/mauris-luctus-sem-vitae-elit-vene-natis/feed/index.html]
[revive.stylemixthemes.com/indexc5eb.html]
[revive.stylemixthemes.com/wp-login7ce0.html]
[revive.stylemixthemes.com/blog/events-4-columns/help-us-oh-lord-women-meeting/feed/index.html]
[revive.stylemixthemes.com/index28c5.html]
[revive.stylemixthemes.com/wp-login17fe.html]
[revive.stylemixthemes.com/blog/online-giving/please-pray-god-heals-the-whole-nice-situation-5/feed/index.html]
[revive.stylemixthemes.com/index264a.html]
[revive.stylemixthemes.com/wp-logind40f.html]
[revive.stylemixthemes.com/blog/online-giving/donations/feed/index.html]
[revive.stylemixthemes.com/index80a3.html]
[revive.stylemixthemes.com/wp-json/oembed/1.0/embeddd7a.json]
[revive.stylemixthemes.com/blog/online-giving/praesent-volutpat-arcu-dolor/feed/index.html]
[revive.stylemixthemes.com/wp-json/oembed/1.0/embed371a]
[revive.stylemixthemes.com/wp-content/uploads/2014/05/706497_14.jpg]
[revive.stylemixthemes.com/blog/online-giving/praesent-volutpat-arcu-dolor/index.html]
[revive.stylemixthemes.com/wp-login1591.html]
[revive.stylemixthemes.com/blog/online-giving/please-pray-god-heals-the-whole-nice-situation-4/feed/index.html]
[revive.stylemixthemes.com/indexb247.html]
[revive.stylemixthemes.com/wp-login73e1.html]
[revive.stylemixthemes.com/blog/events-4-columns/duis-fermentum-nisi-quis/feed/index.html]
[revive.stylemixthemes.com/index3f5a.html]
[revive.stylemixthemes.com/wp-login49a7.html]
[revive.stylemixthemes.com/index3440.html]
[revive.stylemixthemes.com/wp-login63eb.html]
[revive.stylemixthemes.com/blog/events-4-columns/discussion-meeting-love-one-another/feed/index.html]
[revive.stylemixthemes.com/index5051.html]
[revive.stylemixthemes.com/wp-loginb505.html]
[revive.stylemixthemes.com/blog/2014/index.html]
[revive.stylemixthemes.com/wp-loginf75c.html]
[revive.stylemixthemes.com/wp-includes/css/buttons.mind22c.css]
[revive.stylemixthemes.com/blog/2014/page/2/index.html]
[revive.stylemixthemes.com/wp-includes/css/dashicons.mind22c.css]
[revive.stylemixthemes.com/wp-login.html]
[revive.stylemixthemes.com/wp-loginc2b6.html]
[revive.stylemixthemes.com/index0364.html]
[revive.stylemixthemes.com/wp-login4dad.html]
[revive.stylemixthemes.com/blog/gallery-4-columns/vestibulum-rhoncus-enim-feugiat-lectus/feed/index.html]
[revive.stylemixthemes.com/indexcf9a.html]
[revive.stylemixthemes.com/wp-login2af6.html]
[revive.stylemixthemes.com/blog/gallery-4-columns/praesent-eu-diam-commodo-blandit/feed/index.html]
[revive.stylemixthemes.com/index4978.html]
[revive.stylemixthemes.com/wp-loginbcca.html]
[revive.stylemixthemes.com/index1e11.html]
[revive.stylemixthemes.com/indexc140.html]
[revive.stylemixthemes.com/blog/gallery-4-columns/pellentesque-eu-nulla-gravida-hendrerit/feed/index.html]
[revive.stylemixthemes.com/indexcb89.html]
[revive.stylemixthemes.com/wp-login5eeb.html]
[revive.stylemixthemes.com/blog/gallery-4-columns/integer-eget-auctor-eros/feed/index.html]
[revive.stylemixthemes.com/indexc39e.html]
[revive.stylemixthemes.com/wp-loginc39c.html]
[revive.stylemixthemes.com/blog/gallery-4-columns/sed-tincidunt-pretium-purus-nec/feed/index.html]
[revive.stylemixthemes.com/index6452.html]
[revive.stylemixthemes.com/wp-logind472.html]
[revive.stylemixthemes.com/blog/gallery-4-columns/pellentesque-a-sollicitudin-nib/feed/index.html]
[revive.stylemixthemes.com/index5e74.html]
[revive.stylemixthemes.com/wp-login9eff.html]
[revive.stylemixthemes.com/blog/gallery-4-columns/integer-ullamcorper/feed/index.html]
[revive.stylemixthemes.com/indexff23.html]
[revive.stylemixthemes.com/wp-loginff25.html]
[revive.stylemixthemes.com/blog/gallery-4-columns/vivamus-cursus-augue-at-molestie-pul/feed/index.html]
[revive.stylemixthemes.com/indexada0.html]
[revive.stylemixthemes.com/wp-login848e.html]
[revive.stylemixthemes.com/blog/gallery-4-columns/ut-enim-ad-minim-veniam/feed/index.html]
[revive.stylemixthemes.com/indexe539.html]
[revive.stylemixthemes.com/wp-login42e8.html]
[revive.stylemixthemes.com/blog/gallery-4-columns/etiam-pellentesque-ante/feed/index.html]
[revive.stylemixthemes.com/indexb4d2.html]
[revive.stylemixthemes.com/wp-login7303.html]
[revive.stylemixthemes.com/blog/events-4-columns/hate-it-or-love-it/feed/index.html]
[revive.stylemixthemes.com/indexc8fa.html]
[revive.stylemixthemes.com/wp-login3a7c.html]
[revive.stylemixthemes.com/blog/events-4-columns/praesent-quis-elementum-lorem/feed/index.html]
[revive.stylemixthemes.com/indexe6f0.html]
[revive.stylemixthemes.com/wp-login66c5.html]
[revive.stylemixthemes.com/blog/events-4-columns/god-heals-the-whole-situation/feed/index.html]
[revive.stylemixthemes.com/index5a6a.html]
[revive.stylemixthemes.com/wp-login1d2c.html]
[revive.stylemixthemes.com/blog/sermons-2/suspendisse-rutrum-congue-sapien/feed/index.html]
[revive.stylemixthemes.com/index1c00.html]
[revive.stylemixthemes.com/wp-login96fd.html]
[revive.stylemixthemes.com/blog/sermons-2/excepteur-sint-occaecat-cupidatat/feed/index.html]
[revive.stylemixthemes.com/index5070.html]
[revive.stylemixthemes.com/wp-login32b9.html]
[revive.stylemixthemes.com/blog/sermons-2/bible-understading-with-stylemixthemes/feed/index.html]
[revive.stylemixthemes.com/indexd4a6.html]
[revive.stylemixthemes.com/wp-content/uploads/2014/02/Мозайка.html]
[revive.stylemixthemes.com/wp-login316b.html]
[revive.stylemixthemes.com/indexe4db.html]
[revive.stylemixthemes.com/wp-login1d75.html]
[revive.stylemixthemes.com/index4c85.html]
[revive.stylemixthemes.com/wp-login3626.html]
[revive.stylemixthemes.com/indexf5a4.html]
[revive.stylemixthemes.com/wp-login6e37.html]
[revive.stylemixthemes.com/index57e7.html]
[revive.stylemixthemes.com/wp-includes/fonts/dashicons.eot]
[revive.stylemixthemes.com/wp-logineda1.html]
[revive.stylemixthemes.com/index0325.html]
[revive.stylemixthemes.com/wp-login125a.html]
[revive.stylemixthemes.com/index9469.html]
[revive.stylemixthemes.com/wp-login3e1b.html]
[revive.stylemixthemes.com/blog/online-giving/please-pray-god-heals-the-whole-nice-situation-3/feed/index.html]
[revive.stylemixthemes.com/indexbcd6.html]
[revive.stylemixthemes.com/wp-logina906.html]
[revive.stylemixthemes.com/blog/online-giving/please-pray-god-heals-the-whole-nice-situation-2/feed/index.html]
[revive.stylemixthemes.com/indexf6a9.html]
[revive.stylemixthemes.com/wp-loginba16.html]
[revive.stylemixthemes.com/blog/online-giving/please-pray-god-heals-the-whole-nice-situation/feed/index.html]
[revive.stylemixthemes.com/index71fc.html]
[revive.stylemixthemes.com/wp-logine05c.html]
[revive.stylemixthemes.com/blog/online-giving/fusce-placerat-imperdiet-congu/feed/index.html]
[revive.stylemixthemes.com/index5401.html]
[revive.stylemixthemes.com/wp-login9148.html]
[revive.stylemixthemes.com/blog/online-giving/proin-luctus-nunc-non/feed/index.html]
[revive.stylemixthemes.com/indexb6ad.html]
[revive.stylemixthemes.com/wp-login4585.html]
[revive.stylemixthemes.com/blog/online-giving/duis-quis-libero-scelerisque/feed/index.html]
[revive.stylemixthemes.com/indexb190.html]
[revive.stylemixthemes.com/wp-logina398.html]
[forgiveness.stylemix.net/wp-content/uploads/2014/03/livecomposer-promo.jpg]
[revive.stylemixthemes.com/indexf705.html]
[revive.stylemixthemes.com/blog/online-giving/praesent-volutpat-arcu-dolor/feed/index.html]
[revive.stylemixthemes.com/index0012.html]
[revive.stylemixthemes.com/wp-loginf75c.html]
[revive.stylemixthemes.com/blog/2014/page/2/index.html]
[revive.stylemixthemes.com/wp-login.html]
[revive.stylemix.net/wp-content/uploads/2014/02/z29.jpg]
